{"logTime": "0510/170242", "correlationVector":"fE5FK04/LzNTMa/pqKiurD.1","action":"SyncServerConnectionManagerRequest", "result":"SYNC_SERVER_OK", "context":{"environment":"Prod_southindia_prod-s01-004-apac-southindia", "migrationStage":"NotStarted", "server":"akswtt10400000b"}}
{"logTime": "0510/170242", "correlationVector":"fE5FK04/LzNTMa/pqKiurD.2","action":"ProcessGetUpdates", "result":"Done", "context":{"dataType":"Encryption Keys", "deleted":"0", "process_failed_to_decrypt":"0", "process_pending_decryption":"0", "process_success":"1", "total":"1"}}
{"logTime": "0510/170243", "correlationVector":"epdcTcGpOa5emPsHJg3z4E","action":"SyncServerConnectionManagerRequest", "result":"SYNC_SERVER_OK", "context":{"environment":"", "migrationStage":"", "server":""}}
{"logTime": "0510/170243", "correlationVector":"epdcTcGpOa5emPsHJg3z4E.0","action":"EncryptionKeysFetcher.DownloadKeys:", "result":"Success", "context":Key count: 2, Last key timestamp: 2026-02-07T15:02:04Z}
{"logTime": "0510/170243", "correlationVector":"epdcTcGpOa5emPsHJg3z4E.1","action":"EncryptionKeysManager::SetEncryptionKeys:", "result":"Success", "context":Key names[2]:[O9Lm2ehL4M6ZSS/j5IWMKBE4PD4wwkZKpn8bPbQCnfS8VbHbg0IC7W4KL+cJTe8eUHuYQ5tKT+ZcC0pf38RsXw==][a/ja4OCj/PukCkBw8CCLfFrQIc0dVorxHXsTr0hmx4rKRUIDUnhDLdCDB8GFvijQ4EEK6/RzMraD3qa9/iIo/A==]}
{"logTime": "0510/170243", "correlationVector":"epdcTcGpOa5emPsHJg3z4E.2","action":"EncryptionKeysManager::SetEncryptionKeysWithTimestamps:", "result":"Success", "context":Key timestamps[2]:[2025-07-24T05:40:35Z][2026-02-07T15:02:04Z]}
{"logTime": "0510/170243", "correlationVector":"fE5FK04/LzNTMa/pqKiurD","action":"Initial GetUpdates", "result":"", "context":Reason: NEW_CLIENT. cV=fE5FK04/LzNTMa/pqKiurD}
{"logTime": "0510/170243", "correlationVector":"fE5FK04/LzNTMa/pqKiurD.3","action":"GetUpdates Response", "result":"Success", "context":Received 1 update(s). cV=fE5FK04/LzNTMa/pqKiurD.0;server=akswtt10400000b;cloudType=Consumer;environment=Prod_southindia_prod-s01-004-apac-southindia;migrationStage=NotStarted}
{"logTime": "0510/170243", "correlationVector":"sI1CDqVxCfbW0VJRc+Ccgn","action":"Initial GetUpdates", "result":"", "context":Reason: NEWLY_SUPPORTED_DATATYPE. cV=sI1CDqVxCfbW0VJRc+Ccgn}
{"logTime": "0510/170243", "correlationVector":"sI1CDqVxCfbW0VJRc+Ccgn.1","action":"SyncServerConnectionManagerRequest", "result":"SYNC_SERVER_OK", "context":{"environment":"Prod_southindia_prod-s01-004-apac-southindia", "migrationStage":"NotStarted", "server":"akswtt10400000z"}}
{"logTime": "0510/170243", "correlationVector":"sI1CDqVxCfbW0VJRc+Ccgn.2","action":"ProcessGetUpdates", "result":"Done", "context":{"dataType":"Preferences", "deleted":"0", "process_failed_to_decrypt":"0", "process_pending_decryption":"0", "process_success":"65", "total":"65"}}
{"logTime": "0510/170243", "correlationVector":"sI1CDqVxCfbW0VJRc+Ccgn.3","action":"ProcessGetUpdates", "result":"Done", "context":{"dataType":"Passwords", "deleted":"1", "process_failed_to_decrypt":"0", "process_pending_decryption":"0", "process_success":"42", "total":"42"}}
{"logTime": "0510/170243", "correlationVector":"sI1CDqVxCfbW0VJRc+Ccgn.4","action":"ProcessGetUpdates", "result":"Done", "context":{"dataType":"Device Info", "deleted":"0", "process_failed_to_decrypt":"0", "process_pending_decryption":"0", "process_success":"11", "total":"11"}}
{"logTime": "0510/170243", "correlationVector":"sI1CDqVxCfbW0VJRc+Ccgn.5","action":"GetUpdates Response", "result":"Success", "context":Received 118 update(s). cV=sI1CDqVxCfbW0VJRc+Ccgn.0;server=akswtt10400000z;cloudType=Consumer;environment=Prod_southindia_prod-s01-004-apac-southindia;migrationStage=NotStarted}
{"logTime": "0510/170244", "correlationVector":"hrpiX9BuxX6QElTQHYo21D","action":"Initial GetUpdates", "result":"", "context":Reason: NEWLY_SUPPORTED_DATATYPE. cV=hrpiX9BuxX6QElTQHYo21D}
{"logTime": "0510/170244", "correlationVector":"hrpiX9BuxX6QElTQHYo21D.1","action":"SyncServerConnectionManagerRequest", "result":"SYNC_SERVER_OK", "context":{"environment":"Prod_southindia_prod-s01-004-apac-southindia", "migrationStage":"NotStarted", "server":"akswtt10400000o"}}
{"logTime": "0510/170244", "correlationVector":"hrpiX9BuxX6QElTQHYo21D.2","action":"ProcessGetUpdates", "result":"Done", "context":{"dataType":"Bookmarks", "deleted":"0", "process_failed_to_decrypt":"0", "process_pending_decryption":"0", "process_success":"19", "total":"19"}}
{"logTime": "0510/170244", "correlationVector":"hrpiX9BuxX6QElTQHYo21D.3","action":"GetUpdates Response", "result":"Success", "context":Received 19 update(s). cV=hrpiX9BuxX6QElTQHYo21D.0;server=akswtt10400000o;cloudType=Consumer;environment=Prod_southindia_prod-s01-004-apac-southindia;migrationStage=NotStarted}
{"logTime": "0510/170244", "correlationVector":"31iF+s66GxKCqo1vbzqb1k","action":"Initial GetUpdates", "result":"", "context":Reason: NEWLY_SUPPORTED_DATATYPE. cV=31iF+s66GxKCqo1vbzqb1k}
{"logTime": "0510/170245", "correlationVector":"31iF+s66GxKCqo1vbzqb1k.1","action":"SyncServerConnectionManagerRequest", "result":"SYNC_SERVER_OK", "context":{"environment":"Prod_southindia_prod-s01-004-apac-southindia", "migrationStage":"NotStarted", "server":"akswtt104000005"}}
{"logTime": "0510/170245", "correlationVector":"31iF+s66GxKCqo1vbzqb1k.2","action":"ProcessGetUpdates", "result":"Done", "context":{"dataType":"Autofill Profiles", "deleted":"0", "process_failed_to_decrypt":"0", "process_pending_decryption":"0", "process_success":"10", "total":"10"}}
{"logTime": "0510/170245", "correlationVector":"31iF+s66GxKCqo1vbzqb1k.3","action":"ProcessGetUpdates", "result":"Done", "context":{"dataType":"Autofill", "deleted":"0", "process_failed_to_decrypt":"0", "process_pending_decryption":"0", "process_success":"231", "total":"231"}}
{"logTime": "0510/170245", "correlationVector":"31iF+s66GxKCqo1vbzqb1k.4","action":"ProcessGetUpdates", "result":"Done", "context":{"dataType":"Extensions", "deleted":"0", "process_failed_to_decrypt":"0", "process_pending_decryption":"0", "process_success":"1", "total":"1"}}
{"logTime": "0510/170245", "correlationVector":"31iF+s66GxKCqo1vbzqb1k.5","action":"ProcessGetUpdates", "result":"Done", "context":{"dataType":"Extension settings", "deleted":"0", "process_failed_to_decrypt":"0", "process_pending_decryption":"0", "process_success":"8", "total":"8"}}
{"logTime": "0510/170245", "correlationVector":"31iF+s66GxKCqo1vbzqb1k.6","action":"GetUpdates Response", "result":"Success", "context":Received 250 update(s). cV=31iF+s66GxKCqo1vbzqb1k.0;server=akswtt104000005;cloudType=Consumer;environment=Prod_southindia_prod-s01-004-apac-southindia;migrationStage=NotStarted Some updates remain.}
{"logTime": "0510/170245", "correlationVector":"zP3WNMxWUNndSYLYtWtsHf","action":"Initial GetUpdates", "result":"", "context":Reason: NEWLY_SUPPORTED_DATATYPE. cV=zP3WNMxWUNndSYLYtWtsHf}
{"logTime": "0510/170246", "correlationVector":"zP3WNMxWUNndSYLYtWtsHf.1","action":"SyncServerConnectionManagerRequest", "result":"SYNC_SERVER_OK", "context":{"environment":"Prod_southindia_prod-s01-004-apac-southindia", "migrationStage":"NotStarted", "server":"akswtt10400001m"}}
{"logTime": "0510/170246", "correlationVector":"zP3WNMxWUNndSYLYtWtsHf.2","action":"ProcessGetUpdates", "result":"Done", "context":{"dataType":"Autofill", "deleted":"0", "process_failed_to_decrypt":"0", "process_pending_decryption":"0", "process_success":"250", "total":"250"}}
{"logTime": "0510/170246", "correlationVector":"zP3WNMxWUNndSYLYtWtsHf.3","action":"GetUpdates Response", "result":"Success", "context":Received 250 update(s). cV=zP3WNMxWUNndSYLYtWtsHf.0;server=akswtt10400001m;cloudType=Consumer;environment=Prod_southindia_prod-s01-004-apac-southindia;migrationStage=NotStarted Some updates remain.}
{"logTime": "0510/170246", "correlationVector":"L6tLhu1Z7lxAczBtpc1A+b","action":"Initial GetUpdates", "result":"", "context":Reason: NEWLY_SUPPORTED_DATATYPE. cV=L6tLhu1Z7lxAczBtpc1A+b}
{"logTime": "0510/170246", "correlationVector":"L6tLhu1Z7lxAczBtpc1A+b.1","action":"SyncServerConnectionManagerRequest", "result":"SYNC_SERVER_OK", "context":{"environment":"Prod_southindia_prod-s01-004-apac-southindia", "migrationStage":"NotStarted", "server":"akswtt104000006"}}
{"logTime": "0510/170246", "correlationVector":"L6tLhu1Z7lxAczBtpc1A+b.2","action":"ProcessGetUpdates", "result":"Done", "context":{"dataType":"Autofill", "deleted":"0", "process_failed_to_decrypt":"0", "process_pending_decryption":"0", "process_success":"38", "total":"38"}}
{"logTime": "0510/170246", "correlationVector":"L6tLhu1Z7lxAczBtpc1A+b.3","action":"ProcessGetUpdates", "result":"Done", "context":{"dataType":"Extensions", "deleted":"0", "process_failed_to_decrypt":"0", "process_pending_decryption":"0", "process_success":"3", "total":"3"}}
{"logTime": "0510/170246", "correlationVector":"L6tLhu1Z7lxAczBtpc1A+b.4","action":"ProcessGetUpdates", "result":"Done", "context":{"dataType":"Sessions", "deleted":"30", "process_failed_to_decrypt":"0", "process_pending_decryption":"0", "process_success":"54", "total":"54"}}
{"logTime": "0510/170246", "correlationVector":"L6tLhu1Z7lxAczBtpc1A+b.5","action":"ProcessGetUpdates", "result":"Done", "context":{"dataType":"Extension settings", "deleted":"0", "process_failed_to_decrypt":"0", "process_pending_decryption":"0", "process_success":"3", "total":"3"}}
{"logTime": "0510/170246", "correlationVector":"L6tLhu1Z7lxAczBtpc1A+b.6","action":"ProcessGetUpdates", "result":"Done", "context":{"dataType":"Edge Hub App Usage", "deleted":"2", "process_failed_to_decrypt":"0", "process_pending_decryption":"0", "process_success":"7", "total":"7"}}
{"logTime": "0510/170246", "correlationVector":"L6tLhu1Z7lxAczBtpc1A+b.7","action":"GetUpdates Response", "result":"Success", "context":Received 105 update(s). cV=L6tLhu1Z7lxAczBtpc1A+b.0;server=akswtt104000006;cloudType=Consumer;environment=Prod_southindia_prod-s01-004-apac-southindia;migrationStage=NotStarted}
{"logTime": "0510/170246", "correlationVector":"/WUFQudhoJzP97v/PfH04c","action":"Initial GetUpdates", "result":"", "context":Reason: NEWLY_SUPPORTED_DATATYPE. cV=/WUFQudhoJzP97v/PfH04c}
{"logTime": "0510/170246", "correlationVector":"/WUFQudhoJzP97v/PfH04c.1","action":"SyncServerConnectionManagerRequest", "result":"SYNC_SERVER_OK", "context":{"environment":"Prod_southindia_prod-s01-004-apac-southindia", "migrationStage":"NotStarted", "server":"akswtt104000002"}}
{"logTime": "0510/170246", "correlationVector":"/WUFQudhoJzP97v/PfH04c.2","action":"ProcessGetUpdates", "result":"Done", "context":{"dataType":"History", "deleted":"0", "process_failed_to_decrypt":"0", "process_pending_decryption":"0", "process_success":"93", "total":"93"}}
{"logTime": "0510/170246", "correlationVector":"/WUFQudhoJzP97v/PfH04c.3","action":"GetUpdates Response", "result":"Success", "context":Received 93 update(s). cV=/WUFQudhoJzP97v/PfH04c.0;server=akswtt104000002;cloudType=Consumer;environment=Prod_southindia_prod-s01-004-apac-southindia;migrationStage=NotStarted}
{"logTime": "0510/170247", "correlationVector":"2BlWIoBV7EjYk8gETySHbV","action":"Normal GetUpdate request", "result":"", "context":cV=2BlWIoBV7EjYk8gETySHbV
Nudged types: Sessions, Device Info, User Consents
Refresh requested types: Bookmarks, Preferences, Passwords, Autofill Profiles, Autofill, Extensions, Sessions, Extension settings, History Delete Directives, Device Info, User Consents, Send Tab To Self, Web Apps, History, Saved Tab Group, WebAuthn Credentials, Collection, Edge E Drop, Edge Hub App Usage, Edge Wallet, Edge Workspace, Encryption Keys}
{"logTime": "0510/170247", "correlationVector":"2BlWIoBV7EjYk8gETySHbV.1","action":"SyncServerConnectionManagerRequest", "result":"SYNC_SERVER_OK", "context":{"environment":"Prod_southindia_prod-s01-004-apac-southindia", "migrationStage":"NotStarted", "server":"akswtt10400000l"}}
{"logTime": "0510/170247", "correlationVector":"2BlWIoBV7EjYk8gETySHbV.2","action":"GetUpdates Response", "result":"Success", "context":Received 0 update(s). cV=2BlWIoBV7EjYk8gETySHbV.0;server=akswtt10400000l;cloudType=Consumer;environment=Prod_southindia_prod-s01-004-apac-southindia;migrationStage=NotStarted}
{"logTime": "0510/170247", "correlationVector":"4tk+Dv5niPJz3qNx8nqGcR","action":"DoCompareDataConsistency requsted types: ", "result":"Bookmarks, Preferences, Passwords, Extensions, Extension settings, History Delete Directives, Send Tab To Self, Web Apps, History, Saved Tab Group, WebAuthn Credentials, Collection, Edge E Drop, Edge Wallet, Edge Workspace, Encryption Keys"}
{"logTime": "0510/170247", "correlationVector":"4tk+Dv5niPJz3qNx8nqGcR.0","action":"CompareDataConsistency result: ", "result":"Compare result: Encryption Keys is consistent. local entities count is: 1 local entities hash is: TDxXNwkhIA5Add/GC46NyuBG3Os="}
{"logTime": "0510/170247", "correlationVector":"4tk+Dv5niPJz3qNx8nqGcR.1","action":"CompareDataConsistency result: ", "result":"Compare result: Bookmarks is consistent. local entities count is: 13 local entities hash is: yFOm8fCvMhEuCpUmwF8Urkfh9SQ="}
{"logTime": "0510/170247", "correlationVector":"4tk+Dv5niPJz3qNx8nqGcR.2","action":"CompareDataConsistency result: ", "result":"Compare result: Preferences is consistent. local entities count is: 65 local entities hash is: BLs28QKu77X+yPJZYjkbP12eH8s="}
{"logTime": "0510/170247", "correlationVector":"4tk+Dv5niPJz3qNx8nqGcR.3","action":"CompareDataConsistency result: ", "result":"Compare result: Extensions is consistent. local entities count is: 4 local entities hash is: W3Fu1H6eOIhNVXtB8DsOuB8Kmp0="}
{"logTime": "0510/170247", "correlationVector":"4tk+Dv5niPJz3qNx8nqGcR.4","action":"CompareDataConsistency result: ", "result":"Compare result: Extension settings is consistent. local entities count is: 11 local entities hash is: mCVJSxel7D6u8yFWb9OmL9RN2yY="}
{"logTime": "0510/170247", "correlationVector":"4tk+Dv5niPJz3qNx8nqGcR.5","action":"CompareDataConsistency result: ", "result":"Compare result: History Delete Directives is consistent. local entities count is: 0 local entities hash is: "}
{"logTime": "0510/170247", "correlationVector":"4tk+Dv5niPJz3qNx8nqGcR.6","action":"CompareDataConsistency result: ", "result":"Server did not send this Send Tab To Self local entities count is: 0 local entities hash is: "}
{"logTime": "0510/170247", "correlationVector":"4tk+Dv5niPJz3qNx8nqGcR.7","action":"CompareDataConsistency result: ", "result":"Compare result: Web Apps is consistent. local entities count is: 0 local entities hash is: "}
{"logTime": "0510/170247", "correlationVector":"4tk+Dv5niPJz3qNx8nqGcR.8","action":"CompareDataConsistency result: ", "result":"Server did not send this History local entities count is: 0 local entities hash is: "}
{"logTime": "0510/170247", "correlationVector":"4tk+Dv5niPJz3qNx8nqGcR.9","action":"CompareDataConsistency result: ", "result":"Compare result: Saved Tab Group is consistent. local entities count is: 0 local entities hash is: "}
{"logTime": "0510/170247", "correlationVector":"4tk+Dv5niPJz3qNx8nqGcR.10","action":"CompareDataConsistency result: ", "result":"Server did not send this WebAuthn Credentials local entities count is: 0 local entities hash is: "}
{"logTime": "0510/170247", "correlationVector":"4tk+Dv5niPJz3qNx8nqGcR.11","action":"CompareDataConsistency result: ", "result":"Compare result: Collection is consistent. local entities count is: 0 local entities hash is: "}
{"logTime": "0510/170247", "correlationVector":"4tk+Dv5niPJz3qNx8nqGcR.12","action":"CompareDataConsistency result: ", "result":"Compare result: Edge E Drop is consistent. local entities count is: 0 local entities hash is: "}
{"logTime": "0510/170247", "correlationVector":"4tk+Dv5niPJz3qNx8nqGcR.13","action":"CompareDataConsistency result: ", "result":"Compare result: Edge Wallet is consistent. local entities count is: 0 local entities hash is: "}
{"logTime": "0510/170247", "correlationVector":"4tk+Dv5niPJz3qNx8nqGcR.14","action":"CompareDataConsistency result: ", "result":"Server did not send this Edge Workspace local entities count is: 0 local entities hash is: "}
{"logTime": "0510/170247", "correlationVector":"4tk+Dv5niPJz3qNx8nqGcR.15","action":"CompareDataConsistency result: ", "result":"Compare result: Passwords is consistent. local entities count is: 41 local entities hash is: 5GEihHpnTUFJJ6QNANrG1IgvcpY="}
{"logTime": "0510/170247", "correlationVector":"6E+VGbYSIGQb9HHxOc8JC9","action":"Commit Request", "result":"", "context":Item count: 4
Contributing types: Sessions, Device Info, User Consents}
{"logTime": "0510/170248", "correlationVector":"6E+VGbYSIGQb9HHxOc8JC9.1","action":"SyncServerConnectionManagerRequest", "result":"SYNC_SERVER_OK", "context":{"environment":"Prod_southindia_prod-s01-004-apac-southindia", "migrationStage":"NotStarted", "server":"akswtt104000006"}}
{"logTime": "0510/170248", "correlationVector":"6E+VGbYSIGQb9HHxOc8JC9.2","action":"Commit Response", "result":"Success", "context":Result: Success. cV=6E+VGbYSIGQb9HHxOc8JC9.0;server=akswtt104000006;cloudType=Consumer;environment=Prod_southindia_prod-s01-004-apac-southindia;migrationStage=NotStarted}
{"logTime": "0510/170248", "correlationVector":"","action":"DIAGNOSTIC_REQUEST|v1/diagnosticData/Diagnostic.SendCheckResult()|SUCCESS", "result":""}
