{"logTime": "0510/170103", "correlationVector":"s8/LwnjrJP5z9o+BQSMFyJ.1","action":"SyncServerConnectionManagerRequest", "result":"SYNC_SERVER_OK", "context":{"environment":"Prod_southindia_prod-s01-004-apac-southindia", "migrationStage":"NotStarted", "server":"akswtt10400000i"}}
{"logTime": "0510/170103", "correlationVector":"s8/LwnjrJP5z9o+BQSMFyJ.2","action":"ProcessGetUpdates", "result":"Done", "context":{"dataType":"Encryption Keys", "deleted":"0", "process_failed_to_decrypt":"0", "process_pending_decryption":"0", "process_success":"1", "total":"1"}}
{"logTime": "0510/170103", "correlationVector":"76b2HLGpH9L/InW0MP3C9u","action":"SyncServerConnectionManagerRequest", "result":"SYNC_SERVER_OK", "context":{"environment":"", "migrationStage":"", "server":""}}
{"logTime": "0510/170103", "correlationVector":"76b2HLGpH9L/InW0MP3C9u.0","action":"EncryptionKeysFetcher.DownloadKeys:", "result":"Success", "context":Key count: 2, Last key timestamp: 2026-02-07T15:02:04Z}
{"logTime": "0510/170103", "correlationVector":"76b2HLGpH9L/InW0MP3C9u.1","action":"EncryptionKeysManager::SetEncryptionKeys:", "result":"Success", "context":Key names[2]:[O9Lm2ehL4M6ZSS/j5IWMKBE4PD4wwkZKpn8bPbQCnfS8VbHbg0IC7W4KL+cJTe8eUHuYQ5tKT+ZcC0pf38RsXw==][a/ja4OCj/PukCkBw8CCLfFrQIc0dVorxHXsTr0hmx4rKRUIDUnhDLdCDB8GFvijQ4EEK6/RzMraD3qa9/iIo/A==]}
{"logTime": "0510/170103", "correlationVector":"76b2HLGpH9L/InW0MP3C9u.2","action":"EncryptionKeysManager::SetEncryptionKeysWithTimestamps:", "result":"Success", "context":Key timestamps[2]:[2025-07-24T05:40:35Z][2026-02-07T15:02:04Z]}
{"logTime": "0510/170103", "correlationVector":"s8/LwnjrJP5z9o+BQSMFyJ","action":"Initial GetUpdates", "result":"", "context":Reason: NEW_CLIENT. cV=s8/LwnjrJP5z9o+BQSMFyJ}
{"logTime": "0510/170103", "correlationVector":"s8/LwnjrJP5z9o+BQSMFyJ.3","action":"GetUpdates Response", "result":"Success", "context":Received 1 update(s). cV=s8/LwnjrJP5z9o+BQSMFyJ.0;server=akswtt10400000i;cloudType=Consumer;environment=Prod_southindia_prod-s01-004-apac-southindia;migrationStage=NotStarted}
{"logTime": "0510/170103", "correlationVector":"QZxy+5uyZ4OatepilP1atw","action":"Initial GetUpdates", "result":"", "context":Reason: NEWLY_SUPPORTED_DATATYPE. cV=QZxy+5uyZ4OatepilP1atw}
{"logTime": "0510/170104", "correlationVector":"QZxy+5uyZ4OatepilP1atw.1","action":"SyncServerConnectionManagerRequest", "result":"SYNC_SERVER_OK", "context":{"environment":"Prod_southindia_prod-s01-004-apac-southindia", "migrationStage":"NotStarted", "server":"akswtt10400001s"}}
{"logTime": "0510/170104", "correlationVector":"QZxy+5uyZ4OatepilP1atw.2","action":"ProcessGetUpdates", "result":"Done", "context":{"dataType":"Preferences", "deleted":"0", "process_failed_to_decrypt":"0", "process_pending_decryption":"0", "process_success":"65", "total":"65"}}
{"logTime": "0510/170104", "correlationVector":"QZxy+5uyZ4OatepilP1atw.3","action":"ProcessGetUpdates", "result":"Done", "context":{"dataType":"Passwords", "deleted":"1", "process_failed_to_decrypt":"0", "process_pending_decryption":"0", "process_success":"42", "total":"42"}}
{"logTime": "0510/170104", "correlationVector":"QZxy+5uyZ4OatepilP1atw.4","action":"ProcessGetUpdates", "result":"Done", "context":{"dataType":"Device Info", "deleted":"0", "process_failed_to_decrypt":"0", "process_pending_decryption":"0", "process_success":"10", "total":"10"}}
{"logTime": "0510/170104", "correlationVector":"QZxy+5uyZ4OatepilP1atw.5","action":"GetUpdates Response", "result":"Success", "context":Received 117 update(s). cV=QZxy+5uyZ4OatepilP1atw.0;server=akswtt10400001s;cloudType=Consumer;environment=Prod_southindia_prod-s01-004-apac-southindia;migrationStage=NotStarted}
{"logTime": "0510/170104", "correlationVector":"4VNnpGaL6sY99XZ6ZHdXxP","action":"Initial GetUpdates", "result":"", "context":Reason: NEWLY_SUPPORTED_DATATYPE. cV=4VNnpGaL6sY99XZ6ZHdXxP}
{"logTime": "0510/170105", "correlationVector":"4VNnpGaL6sY99XZ6ZHdXxP.1","action":"SyncServerConnectionManagerRequest", "result":"SYNC_SERVER_OK", "context":{"environment":"Prod_southindia_prod-s01-004-apac-southindia", "migrationStage":"NotStarted", "server":"akswtt10400001s"}}
{"logTime": "0510/170105", "correlationVector":"4VNnpGaL6sY99XZ6ZHdXxP.2","action":"ProcessGetUpdates", "result":"Done", "context":{"dataType":"Bookmarks", "deleted":"0", "process_failed_to_decrypt":"0", "process_pending_decryption":"0", "process_success":"19", "total":"19"}}
{"logTime": "0510/170105", "correlationVector":"4VNnpGaL6sY99XZ6ZHdXxP.3","action":"GetUpdates Response", "result":"Success", "context":Received 19 update(s). cV=4VNnpGaL6sY99XZ6ZHdXxP.0;server=akswtt10400001s;cloudType=Consumer;environment=Prod_southindia_prod-s01-004-apac-southindia;migrationStage=NotStarted}
{"logTime": "0510/170105", "correlationVector":"pKv384kvnNykX7jLu+g9r+","action":"Initial GetUpdates", "result":"", "context":Reason: NEWLY_SUPPORTED_DATATYPE. cV=pKv384kvnNykX7jLu+g9r+}
{"logTime": "0510/170106", "correlationVector":"pKv384kvnNykX7jLu+g9r+.1","action":"SyncServerConnectionManagerRequest", "result":"SYNC_SERVER_OK", "context":{"environment":"Prod_southindia_prod-s01-004-apac-southindia", "migrationStage":"NotStarted", "server":"akswtt104000008"}}
{"logTime": "0510/170106", "correlationVector":"pKv384kvnNykX7jLu+g9r+.2","action":"ProcessGetUpdates", "result":"Done", "context":{"dataType":"Autofill Profiles", "deleted":"0", "process_failed_to_decrypt":"0", "process_pending_decryption":"0", "process_success":"10", "total":"10"}}
{"logTime": "0510/170106", "correlationVector":"pKv384kvnNykX7jLu+g9r+.3","action":"ProcessGetUpdates", "result":"Done", "context":{"dataType":"Autofill", "deleted":"0", "process_failed_to_decrypt":"0", "process_pending_decryption":"0", "process_success":"231", "total":"231"}}
{"logTime": "0510/170106", "correlationVector":"pKv384kvnNykX7jLu+g9r+.4","action":"ProcessGetUpdates", "result":"Done", "context":{"dataType":"Extensions", "deleted":"0", "process_failed_to_decrypt":"0", "process_pending_decryption":"0", "process_success":"1", "total":"1"}}
{"logTime": "0510/170106", "correlationVector":"pKv384kvnNykX7jLu+g9r+.5","action":"ProcessGetUpdates", "result":"Done", "context":{"dataType":"Extension settings", "deleted":"0", "process_failed_to_decrypt":"0", "process_pending_decryption":"0", "process_success":"8", "total":"8"}}
{"logTime": "0510/170106", "correlationVector":"pKv384kvnNykX7jLu+g9r+.6","action":"GetUpdates Response", "result":"Success", "context":Received 250 update(s). cV=pKv384kvnNykX7jLu+g9r+.0;server=akswtt104000008;cloudType=Consumer;environment=Prod_southindia_prod-s01-004-apac-southindia;migrationStage=NotStarted Some updates remain.}
{"logTime": "0510/170106", "correlationVector":"L/2EUP4KewUKsN9JmwPUi6","action":"Initial GetUpdates", "result":"", "context":Reason: NEWLY_SUPPORTED_DATATYPE. cV=L/2EUP4KewUKsN9JmwPUi6}
{"logTime": "0510/170107", "correlationVector":"L/2EUP4KewUKsN9JmwPUi6.1","action":"SyncServerConnectionManagerRequest", "result":"SYNC_SERVER_OK", "context":{"environment":"Prod_southindia_prod-s01-004-apac-southindia", "migrationStage":"NotStarted", "server":"akswtt104000007"}}
{"logTime": "0510/170107", "correlationVector":"L/2EUP4KewUKsN9JmwPUi6.2","action":"ProcessGetUpdates", "result":"Done", "context":{"dataType":"Autofill", "deleted":"0", "process_failed_to_decrypt":"0", "process_pending_decryption":"0", "process_success":"250", "total":"250"}}
{"logTime": "0510/170107", "correlationVector":"L/2EUP4KewUKsN9JmwPUi6.3","action":"GetUpdates Response", "result":"Success", "context":Received 250 update(s). cV=L/2EUP4KewUKsN9JmwPUi6.0;server=akswtt104000007;cloudType=Consumer;environment=Prod_southindia_prod-s01-004-apac-southindia;migrationStage=NotStarted Some updates remain.}
{"logTime": "0510/170107", "correlationVector":"WygGFgXlKbR8grM8Ab1ZPA","action":"Initial GetUpdates", "result":"", "context":Reason: NEWLY_SUPPORTED_DATATYPE. cV=WygGFgXlKbR8grM8Ab1ZPA}
{"logTime": "0510/170107", "correlationVector":"WygGFgXlKbR8grM8Ab1ZPA.1","action":"SyncServerConnectionManagerRequest", "result":"SYNC_SERVER_OK", "context":{"environment":"Prod_southindia_prod-s01-004-apac-southindia", "migrationStage":"NotStarted", "server":"akswtt104000004"}}
{"logTime": "0510/170107", "correlationVector":"WygGFgXlKbR8grM8Ab1ZPA.2","action":"ProcessGetUpdates", "result":"Done", "context":{"dataType":"Autofill", "deleted":"0", "process_failed_to_decrypt":"0", "process_pending_decryption":"0", "process_success":"38", "total":"38"}}
{"logTime": "0510/170107", "correlationVector":"WygGFgXlKbR8grM8Ab1ZPA.3","action":"ProcessGetUpdates", "result":"Done", "context":{"dataType":"Extensions", "deleted":"0", "process_failed_to_decrypt":"0", "process_pending_decryption":"0", "process_success":"3", "total":"3"}}
{"logTime": "0510/170107", "correlationVector":"WygGFgXlKbR8grM8Ab1ZPA.4","action":"ProcessGetUpdates", "result":"Done", "context":{"dataType":"Sessions", "deleted":"29", "process_failed_to_decrypt":"0", "process_pending_decryption":"0", "process_success":"49", "total":"49"}}
{"logTime": "0510/170107", "correlationVector":"WygGFgXlKbR8grM8Ab1ZPA.5","action":"ProcessGetUpdates", "result":"Done", "context":{"dataType":"Extension settings", "deleted":"0", "process_failed_to_decrypt":"0", "process_pending_decryption":"0", "process_success":"3", "total":"3"}}
{"logTime": "0510/170107", "correlationVector":"WygGFgXlKbR8grM8Ab1ZPA.6","action":"ProcessGetUpdates", "result":"Done", "context":{"dataType":"Edge Hub App Usage", "deleted":"2", "process_failed_to_decrypt":"0", "process_pending_decryption":"0", "process_success":"6", "total":"6"}}
{"logTime": "0510/170107", "correlationVector":"WygGFgXlKbR8grM8Ab1ZPA.7","action":"GetUpdates Response", "result":"Success", "context":Received 99 update(s). cV=WygGFgXlKbR8grM8Ab1ZPA.0;server=akswtt104000004;cloudType=Consumer;environment=Prod_southindia_prod-s01-004-apac-southindia;migrationStage=NotStarted}
{"logTime": "0510/170107", "correlationVector":"PfTp+LJI3Rv8PGq72nmHBP","action":"Initial GetUpdates", "result":"", "context":Reason: NEWLY_SUPPORTED_DATATYPE. cV=PfTp+LJI3Rv8PGq72nmHBP}
{"logTime": "0510/170108", "correlationVector":"PfTp+LJI3Rv8PGq72nmHBP.1","action":"SyncServerConnectionManagerRequest", "result":"SYNC_SERVER_OK", "context":{"environment":"Prod_southindia_prod-s01-004-apac-southindia", "migrationStage":"NotStarted", "server":"akswtt104000007"}}
{"logTime": "0510/170108", "correlationVector":"PfTp+LJI3Rv8PGq72nmHBP.2","action":"ProcessGetUpdates", "result":"Done", "context":{"dataType":"History", "deleted":"0", "process_failed_to_decrypt":"0", "process_pending_decryption":"0", "process_success":"90", "total":"90"}}
{"logTime": "0510/170108", "correlationVector":"PfTp+LJI3Rv8PGq72nmHBP.3","action":"GetUpdates Response", "result":"Success", "context":Received 90 update(s). cV=PfTp+LJI3Rv8PGq72nmHBP.0;server=akswtt104000007;cloudType=Consumer;environment=Prod_southindia_prod-s01-004-apac-southindia;migrationStage=NotStarted}
{"logTime": "0510/170108", "correlationVector":"vsTRZRr8Oc1gT7sTKU78RE","action":"Normal GetUpdate request", "result":"", "context":cV=vsTRZRr8Oc1gT7sTKU78RE
Nudged types: Sessions, Device Info, User Consents
Refresh requested types: Bookmarks, Preferences, Passwords, Autofill Profiles, Autofill, Extensions, Sessions, Extension settings, History Delete Directives, Device Info, User Consents, Send Tab To Self, Web Apps, History, Saved Tab Group, WebAuthn Credentials, Collection, Edge E Drop, Edge Hub App Usage, Edge Wallet, Edge Workspace, Encryption Keys}
{"logTime": "0510/170108", "correlationVector":"vsTRZRr8Oc1gT7sTKU78RE.1","action":"SyncServerConnectionManagerRequest", "result":"SYNC_SERVER_OK", "context":{"environment":"Prod_southindia_prod-s01-004-apac-southindia", "migrationStage":"NotStarted", "server":"akswtt10400000h"}}
{"logTime": "0510/170108", "correlationVector":"vsTRZRr8Oc1gT7sTKU78RE.2","action":"GetUpdates Response", "result":"Success", "context":Received 0 update(s). cV=vsTRZRr8Oc1gT7sTKU78RE.0;server=akswtt10400000h;cloudType=Consumer;environment=Prod_southindia_prod-s01-004-apac-southindia;migrationStage=NotStarted}
{"logTime": "0510/170108", "correlationVector":"gD6mf/L9ea91b/ZPkeYs5v","action":"DoCompareDataConsistency requsted types: ", "result":"Bookmarks, Preferences, Passwords, Extensions, Extension settings, History Delete Directives, Send Tab To Self, Web Apps, History, Saved Tab Group, WebAuthn Credentials, Collection, Edge E Drop, Edge Wallet, Edge Workspace, Encryption Keys"}
{"logTime": "0510/170108", "correlationVector":"gD6mf/L9ea91b/ZPkeYs5v.0","action":"CompareDataConsistency result: ", "result":"Compare result: Encryption Keys is consistent. local entities count is: 1 local entities hash is: TDxXNwkhIA5Add/GC46NyuBG3Os="}
{"logTime": "0510/170108", "correlationVector":"gD6mf/L9ea91b/ZPkeYs5v.1","action":"CompareDataConsistency result: ", "result":"Compare result: Bookmarks is consistent. local entities count is: 13 local entities hash is: yFOm8fCvMhEuCpUmwF8Urkfh9SQ="}
{"logTime": "0510/170108", "correlationVector":"gD6mf/L9ea91b/ZPkeYs5v.2","action":"CompareDataConsistency result: ", "result":"Compare result: Preferences is consistent. local entities count is: 65 local entities hash is: BLs28QKu77X+yPJZYjkbP12eH8s="}
{"logTime": "0510/170108", "correlationVector":"gD6mf/L9ea91b/ZPkeYs5v.3","action":"CompareDataConsistency result: ", "result":"Compare result: Extensions is consistent. local entities count is: 4 local entities hash is: W3Fu1H6eOIhNVXtB8DsOuB8Kmp0="}
{"logTime": "0510/170108", "correlationVector":"gD6mf/L9ea91b/ZPkeYs5v.4","action":"CompareDataConsistency result: ", "result":"Compare result: Extension settings is consistent. local entities count is: 11 local entities hash is: mCVJSxel7D6u8yFWb9OmL9RN2yY="}
{"logTime": "0510/170108", "correlationVector":"gD6mf/L9ea91b/ZPkeYs5v.5","action":"CompareDataConsistency result: ", "result":"Compare result: History Delete Directives is consistent. local entities count is: 0 local entities hash is: "}
{"logTime": "0510/170108", "correlationVector":"gD6mf/L9ea91b/ZPkeYs5v.6","action":"CompareDataConsistency result: ", "result":"Server did not send this Send Tab To Self local entities count is: 0 local entities hash is: "}
{"logTime": "0510/170108", "correlationVector":"gD6mf/L9ea91b/ZPkeYs5v.7","action":"CompareDataConsistency result: ", "result":"Compare result: Web Apps is consistent. local entities count is: 0 local entities hash is: "}
{"logTime": "0510/170108", "correlationVector":"gD6mf/L9ea91b/ZPkeYs5v.8","action":"CompareDataConsistency result: ", "result":"Server did not send this History local entities count is: 0 local entities hash is: "}
{"logTime": "0510/170108", "correlationVector":"gD6mf/L9ea91b/ZPkeYs5v.9","action":"CompareDataConsistency result: ", "result":"Compare result: Saved Tab Group is consistent. local entities count is: 0 local entities hash is: "}
{"logTime": "0510/170108", "correlationVector":"gD6mf/L9ea91b/ZPkeYs5v.10","action":"CompareDataConsistency result: ", "result":"Server did not send this WebAuthn Credentials local entities count is: 0 local entities hash is: "}
{"logTime": "0510/170108", "correlationVector":"gD6mf/L9ea91b/ZPkeYs5v.11","action":"CompareDataConsistency result: ", "result":"Compare result: Collection is consistent. local entities count is: 0 local entities hash is: "}
{"logTime": "0510/170108", "correlationVector":"gD6mf/L9ea91b/ZPkeYs5v.12","action":"CompareDataConsistency result: ", "result":"Compare result: Edge E Drop is consistent. local entities count is: 0 local entities hash is: "}
{"logTime": "0510/170108", "correlationVector":"gD6mf/L9ea91b/ZPkeYs5v.13","action":"CompareDataConsistency result: ", "result":"Compare result: Edge Wallet is consistent. local entities count is: 0 local entities hash is: "}
{"logTime": "0510/170108", "correlationVector":"gD6mf/L9ea91b/ZPkeYs5v.14","action":"CompareDataConsistency result: ", "result":"Server did not send this Edge Workspace local entities count is: 0 local entities hash is: "}
{"logTime": "0510/170108", "correlationVector":"gD6mf/L9ea91b/ZPkeYs5v.15","action":"CompareDataConsistency result: ", "result":"Compare result: Passwords is consistent. local entities count is: 41 local entities hash is: 5GEihHpnTUFJJ6QNANrG1IgvcpY="}
{"logTime": "0510/170108", "correlationVector":"rIafodrYh8oqatjUXiRVj2","action":"Commit Request", "result":"", "context":Item count: 4
Contributing types: Sessions, Device Info, User Consents}
{"logTime": "0510/170109", "correlationVector":"rIafodrYh8oqatjUXiRVj2.1","action":"SyncServerConnectionManagerRequest", "result":"SYNC_SERVER_OK", "context":{"environment":"Prod_southindia_prod-s01-004-apac-southindia", "migrationStage":"NotStarted", "server":"akswtt104000004"}}
{"logTime": "0510/170109", "correlationVector":"rIafodrYh8oqatjUXiRVj2.2","action":"Commit Response", "result":"Success", "context":Result: Success. cV=rIafodrYh8oqatjUXiRVj2.0;server=akswtt104000004;cloudType=Consumer;environment=Prod_southindia_prod-s01-004-apac-southindia;migrationStage=NotStarted}
{"logTime": "0510/170109", "correlationVector":"","action":"DIAGNOSTIC_REQUEST|v1/diagnosticData/Diagnostic.SendCheckResult()|SUCCESS", "result":""}
{"logTime": "0510/170110", "correlationVector":"SXZdTzwl/2NiLft/zj1J0k","action":"Commit Request", "result":"", "context":Item count: 4
Contributing types: Sessions, History, Edge Hub App Usage}
{"logTime": "0510/170110", "correlationVector":"SXZdTzwl/2NiLft/zj1J0k.1","action":"SyncServerConnectionManagerRequest", "result":"SYNC_SERVER_OK", "context":{"environment":"Prod_southindia_prod-s01-004-apac-southindia", "migrationStage":"NotStarted", "server":"akswtt10400000v"}}
{"logTime": "0510/170110", "correlationVector":"SXZdTzwl/2NiLft/zj1J0k.2","action":"Commit Response", "result":"Success", "context":Result: Success. cV=SXZdTzwl/2NiLft/zj1J0k.0;server=akswtt10400000v;cloudType=Consumer;environment=Prod_southindia_prod-s01-004-apac-southindia;migrationStage=NotStarted}
{"logTime": "0510/170112", "correlationVector":"cIFkSzLEMo66crdyG8uyOT","action":"Normal GetUpdate request", "result":"", "context":cV=cIFkSzLEMo66crdyG8uyOT
Nudged types: Sessions, History
Notified types: History}
{"logTime": "0510/170112", "correlationVector":"cIFkSzLEMo66crdyG8uyOT.1","action":"SyncServerConnectionManagerRequest", "result":"SYNC_SERVER_OK", "context":{"environment":"Prod_southindia_prod-s01-004-apac-southindia", "migrationStage":"NotStarted", "server":"akswtt10400000a"}}
{"logTime": "0510/170112", "correlationVector":"cIFkSzLEMo66crdyG8uyOT.2","action":"ProcessGetUpdates", "result":"Done", "context":{"dataType":"Sessions", "deleted":"0", "process_failed_to_decrypt":"0", "process_pending_decryption":"0", "process_success":"4", "total":"4"}}
{"logTime": "0510/170112", "correlationVector":"cIFkSzLEMo66crdyG8uyOT.3","action":"ProcessGetUpdates", "result":"Done", "context":{"dataType":"Device Info", "deleted":"0", "process_failed_to_decrypt":"0", "process_pending_decryption":"0", "process_success":"1", "total":"1"}}
{"logTime": "0510/170112", "correlationVector":"cIFkSzLEMo66crdyG8uyOT.4","action":"ProcessGetUpdates", "result":"Done", "context":{"dataType":"History", "deleted":"0", "process_failed_to_decrypt":"0", "process_pending_decryption":"0", "process_success":"2", "total":"2"}}
{"logTime": "0510/170112", "correlationVector":"cIFkSzLEMo66crdyG8uyOT.5","action":"ProcessGetUpdates", "result":"Done", "context":{"dataType":"Edge Hub App Usage", "deleted":"0", "process_failed_to_decrypt":"0", "process_pending_decryption":"0", "process_success":"1", "total":"1"}}
{"logTime": "0510/170112", "correlationVector":"cIFkSzLEMo66crdyG8uyOT.6","action":"GetUpdates Response", "result":"Success", "context":Received 8 update(s). cV=cIFkSzLEMo66crdyG8uyOT.0;server=akswtt10400000a;cloudType=Consumer;environment=Prod_southindia_prod-s01-004-apac-southindia;migrationStage=NotStarted}
{"logTime": "0510/170112", "correlationVector":"URtrTjqcEnfreIOjWkzQKI","action":"Commit Request", "result":"", "context":Item count: 4
Contributing types: Sessions, History}
{"logTime": "0510/170113", "correlationVector":"URtrTjqcEnfreIOjWkzQKI.1","action":"SyncServerConnectionManagerRequest", "result":"SYNC_SERVER_OK", "context":{"environment":"Prod_southindia_prod-s01-004-apac-southindia", "migrationStage":"NotStarted", "server":"akswtt10400001m"}}
{"logTime": "0510/170113", "correlationVector":"URtrTjqcEnfreIOjWkzQKI.2","action":"Commit Response", "result":"Success", "context":Result: Success. cV=URtrTjqcEnfreIOjWkzQKI.0;server=akswtt10400001m;cloudType=Consumer;environment=Prod_southindia_prod-s01-004-apac-southindia;migrationStage=NotStarted}
{"logTime": "0510/170202", "correlationVector":"J4uXvKRd9G5+iwFSljgewr","action":"Normal GetUpdate request", "result":"", "context":cV=J4uXvKRd9G5+iwFSljgewr
Nudged types: Sessions, History
Refresh requested types: Bookmarks, Preferences, Passwords, Autofill Profiles, Autofill, Extensions, Sessions, Extension settings, History Delete Directives, Device Info, User Consents, Send Tab To Self, Web Apps, History, Saved Tab Group, WebAuthn Credentials, Collection, Edge E Drop, Edge Hub App Usage, Edge Wallet, Edge Workspace, Encryption Keys}
{"logTime": "0510/170202", "correlationVector":"J4uXvKRd9G5+iwFSljgewr.1","action":"SyncServerConnectionManagerRequest", "result":"SYNC_SERVER_OK", "context":{"environment":"Prod_southindia_prod-s01-004-apac-southindia", "migrationStage":"NotStarted", "server":"akswtt10400000f"}}
{"logTime": "0510/170202", "correlationVector":"J4uXvKRd9G5+iwFSljgewr.2","action":"ProcessGetUpdates", "result":"Done", "context":{"dataType":"Sessions", "deleted":"0", "process_failed_to_decrypt":"0", "process_pending_decryption":"0", "process_success":"2", "total":"2"}}
{"logTime": "0510/170202", "correlationVector":"J4uXvKRd9G5+iwFSljgewr.3","action":"ProcessGetUpdates", "result":"Done", "context":{"dataType":"History", "deleted":"0", "process_failed_to_decrypt":"0", "process_pending_decryption":"0", "process_success":"2", "total":"2"}}
{"logTime": "0510/170202", "correlationVector":"J4uXvKRd9G5+iwFSljgewr.4","action":"GetUpdates Response", "result":"Success", "context":Received 4 update(s). cV=J4uXvKRd9G5+iwFSljgewr.0;server=akswtt10400000f;cloudType=Consumer;environment=Prod_southindia_prod-s01-004-apac-southindia;migrationStage=NotStarted}
{"logTime": "0510/170202", "correlationVector":"oQZN/tS571pLwVAZO1IE8j","action":"Commit Request", "result":"", "context":Item count: 8
Contributing types: Sessions, History}
{"logTime": "0510/170203", "correlationVector":"oQZN/tS571pLwVAZO1IE8j.1","action":"SyncServerConnectionManagerRequest", "result":"SYNC_SERVER_OK", "context":{"environment":"Prod_southindia_prod-s01-004-apac-southindia", "migrationStage":"NotStarted", "server":"akswtt10400000x"}}
{"logTime": "0510/170203", "correlationVector":"oQZN/tS571pLwVAZO1IE8j.3","action":"Commit.Sessions", "result":"Success", "context":{"id":"809c9024-f152-42a3-bc25-c91c6a40b247", "isDeleted":"true", "size":"0", "version":"1778432473042"}}
{"logTime": "0510/170203", "correlationVector":"oQZN/tS571pLwVAZO1IE8j.2","action":"Commit Response", "result":"Success", "context":Result: Success. cV=oQZN/tS571pLwVAZO1IE8j.0;server=akswtt10400000x;cloudType=Consumer;environment=Prod_southindia_prod-s01-004-apac-southindia;migrationStage=NotStarted}
